[31m[1mSugar syntax error: [0mundefined constructor Chaud2 in automaton

